<html>
<body>
<pre>
<h1>µVision Build Log</h1>
<h2>Project:</h2>
D:\workspace\Communication_board\USER\LED.uvprojx
Project File Date:  10/07/2016

<h2>Output:</h2>
Build target 'Target 1'
compiling main.c...
..\HARDWARE\LCD\lcd.h(40): warning:  #1-D: last line of file ends without a newline
  #endif
main.c: 1 warning, 0 errors
linking...
Program Size: Code=2084 RO-data=336 RW-data=32 ZI-data=1832  
FromELF: creating hex file...
"..\OBJ\LED.axf" - 0 Error(s), 1 Warning(s).
</pre>
</body>
</html>

linking...
Program Size: Code=2024 RO-data=336 RW-data=32 ZI-data=1832  
FromELF: creating hex file...
"..\OBJ\LED.axf" - 0 Error(s), 2 Warning(s).
